1 4NO
1 4NO
1 4NO
1 4NO
1 4NO
1 4NO
1 4NO
1 4NO
1 4NO
1 4YES
1 2NO
1 2NO
1 2YES
1 2YES
1 3NO
1 3NO
1 3NO
1 3NO
1 3NO
1 3YES
1 3YES
