132 135YES
146 147YES
147 150YES
112 158YES
164 165YES
165 166YES
165 167YES
165 168YES
178 181YES
174 185YES
173 188YES
192 193YES
193 194YES
193 195YES
193 196YES
202 211YES
203 215YES
201 220YES
223 224YES
224 225YES
224 226YES
224 227YES
235 557YES
233 560YES
231 564YES
568 569YES
569 570YES
569 571YES
569 573YES
657 2622YES
1637 2627YES
575 2631YES
2634 2635YES
2635 2636YES
2635 2637YES
2635 2638YES
2643 2651YES
2645 2655YES
2644 2660YES
2664 2665YES
2665 2666YES
2665 2667YES
2665 2669YES
2802 2806YES
2806 2808YES
2671 2813YES
2681 2816YES
2820 2821YES
2821 2822YES
2821 2824YES
2821 2825YES
2831 2834YES
2828 2838YES
2832 2844YES
2849 2850YES
2850 2851YES
2850 2852YES
2850 2854YES
2860 2863YES
2857 2867YES
2861 2872YES
2874 2875YES
2875 2876YES
2875 2877YES
2875 2879YES
2886 3132YES
2883 3137YES
2881 3143YES
3146 3147YES
3147 3148YES
3147 3149YES
3147 3150YES
4017 4429YES
4634 4639YES
4639 4640YES
3153 4643YES
4645 4646YES
4646 4647YES
4646 4648YES
4646 4650YES
4658 4661YES
4657 4666YES
4652 4674YES
4678 4679YES
4679 4680YES
4679 4681YES
4679 4683YES
4730 4828YES
4723 4832YES
4685 4836YES
4840 4841YES
4841 4842YES
4841 4843YES
4841 4845YES
4852 4859YES
4849 4863YES
4848 4867YES
4871 4872YES
4872 4873YES
4872 4874YES
4872 4875YES
4878 4892YES
4884 4896YES
4882 4901YES
4905 4906YES
4906 4907YES
4906 4908YES
4906 4910YES
4918 5713YES
4915 5718YES
4913 5722YES
5727 5728YES
5728 5729YES
5728 5730YES
5728 5731YES
6530 8028YES
8110 8112YES
8112 8115YES
5734 8118YES
8122 8123YES
8123 8124YES
8123 8125YES
8123 8127YES
8132 8135YES
8131 8139YES
8136 8142YES
8146 8147YES
8147 8148YES
8147 8149YES
8147 8151YES
8153 8166YES
8357 8360YES
8360 8362YES
8416 8417YES
8417 8419YES
8423 8424YES
8424 8425YES
8424 8426YES
8424 8427YES
8430 8437YES
8436 8440YES
8438 8445YES
8449 8450YES
8450 8451YES
8450 8452YES
8450 8453YES
8456 8465YES
8461 8468YES
8463 8473YES
8475 8476YES
8476 8477YES
8476 8478YES
8476 8479YES
8488 8730YES
8482 8733YES
8486 8738YES
8742 8743YES
8743 8744YES
8743 8745YES
8743 8746YES
