32 44YES
35 45YES
36 47YES
37 48YES
38 49YES
39 51YES
40 52YES
41 57YES
97 99YES
97 100YES
97 101YES
97 102YES
121 123YES
121 124YES
121 125YES
121 126YES
129 131YES
129 132YES
129 133YES
129 134YES
135 137YES
135 138YES
135 139YES
135 140YES
148 157YES
148 159YES
148 160YES
149 161YES
149 162YES
149 164YES
150 165YES
150 166YES
150 168YES
151 169YES
151 170YES
151 172YES
152 173YES
152 174YES
152 176YES
153 177YES
153 178YES
153 179YES
154 180YES
154 182YES
154 183YES
155 184YES
155 186YES
155 187YES
148 213YES
149 214YES
150 215YES
151 216YES
152 219YES
153 234YES
154 237YES
155 241YES
156 288YES
156 308YES
156 313YES
156 330YES
141 335YES
141 336YES
141 337YES
141 339YES
331 341YES
332 343YES
333 345YES
334 347YES
331 353YES
332 354YES
333 356YES
334 360YES
331 382YES
332 383YES
333 384YES
334 385YES
331 394YES
332 395YES
333 396YES
334 397YES
340 404YES
340 406YES
340 407YES
340 408YES
418 1737YES
